../Core/Src/protocol.c:43:17:Config_CalcChecksum	32	static
../Core/Src/protocol.c:56:13:Config_LoadDefault	4	static
../Core/Src/protocol.c:69:6:Config_LoadFromFlash	16	static
../Core/Src/protocol.c:97:16:Config_SaveToFlash	72	static
../Core/Src/protocol.c:156:13:Protocol_SendOK	8	static
../Core/Src/protocol.c:161:13:Protocol_SendError	8	static
../Core/Src/protocol.c:166:13:Protocol_SendConfig	176	static
../Core/Src/protocol.c:184:13:Protocol_SendInput	96	static
../Core/Src/protocol.c:201:6:Protocol_Process	16	static
